hello1
bye1
see you again!1
hello2
bye2
see you again!2
