hello
bye
see you again!
hellow
bye
see you again! 
